// Jest Snapshot v1, https://goo.gl/fbAQLP

exports[`lambda emitter happy path success 1`] = `
Object {
  "body": "{
  \\"message\\": \\"lambda 1 assadasdas \\",
  \\"input\\": {}
}",
  "statusCode": 200,
}
`;

exports[`lambda emitter happy path success2 1`] = `
Object {
  "body": "{
  \\"message\\": \\"lambda 1 assadasdas \\",
  \\"input\\": {}
}",
  "statusCode": 200,
}
`;
